// Jest Snapshot v1, https://goo.gl/fbAQLP

exports[`Test if RemoveModal is rendered correctly renders correctly removeModal 1`] = `null`;
